Archive member included to satisfy reference by file (symbol)

d:/eclipse/gcc/gnu tools arm embedded/6 2017-q1-update/bin/../lib/gcc/arm-none-eabi/6.3.1/../../../../arm-none-eabi/lib/thumb/v7e-m\libc.a(lib_a-exit.o)
                              d:/eclipse/gcc/gnu tools arm embedded/6 2017-q1-update/bin/../lib/gcc/arm-none-eabi/6.3.1/../../../../arm-none-eabi/lib/thumb/v7e-m/rdimon-crt0.o (exit)
d:/eclipse/gcc/gnu tools arm embedded/6 2017-q1-update/bin/../lib/gcc/arm-none-eabi/6.3.1/../../../../arm-none-eabi/lib/thumb/v7e-m\libc.a(lib_a-impure.o)
                              d:/eclipse/gcc/gnu tools arm embedded/6 2017-q1-update/bin/../lib/gcc/arm-none-eabi/6.3.1/../../../../arm-none-eabi/lib/thumb/v7e-m\libc.a(lib_a-exit.o) (_global_impure_ptr)
d:/eclipse/gcc/gnu tools arm embedded/6 2017-q1-update/bin/../lib/gcc/arm-none-eabi/6.3.1/../../../../arm-none-eabi/lib/thumb/v7e-m\libc.a(lib_a-init.o)
                              d:/eclipse/gcc/gnu tools arm embedded/6 2017-q1-update/bin/../lib/gcc/arm-none-eabi/6.3.1/../../../../arm-none-eabi/lib/thumb/v7e-m/rdimon-crt0.o (__libc_init_array)
d:/eclipse/gcc/gnu tools arm embedded/6 2017-q1-update/bin/../lib/gcc/arm-none-eabi/6.3.1/../../../../arm-none-eabi/lib/thumb/v7e-m\libc.a(lib_a-memset.o)
                              d:/eclipse/gcc/gnu tools arm embedded/6 2017-q1-update/bin/../lib/gcc/arm-none-eabi/6.3.1/../../../../arm-none-eabi/lib/thumb/v7e-m/rdimon-crt0.o (memset)
d:/eclipse/gcc/gnu tools arm embedded/6 2017-q1-update/bin/../lib/gcc/arm-none-eabi/6.3.1/../../../../arm-none-eabi/lib/thumb/v7e-m\libc.a(lib_a-__call_atexit.o)
                              d:/eclipse/gcc/gnu tools arm embedded/6 2017-q1-update/bin/../lib/gcc/arm-none-eabi/6.3.1/../../../../arm-none-eabi/lib/thumb/v7e-m\libc.a(lib_a-exit.o) (__call_exitprocs)
d:/eclipse/gcc/gnu tools arm embedded/6 2017-q1-update/bin/../lib/gcc/arm-none-eabi/6.3.1/../../../../arm-none-eabi/lib/thumb/v7e-m\libc.a(lib_a-atexit.o)
                              d:/eclipse/gcc/gnu tools arm embedded/6 2017-q1-update/bin/../lib/gcc/arm-none-eabi/6.3.1/../../../../arm-none-eabi/lib/thumb/v7e-m\libc.a(lib_a-__call_atexit.o) (atexit)
d:/eclipse/gcc/gnu tools arm embedded/6 2017-q1-update/bin/../lib/gcc/arm-none-eabi/6.3.1/../../../../arm-none-eabi/lib/thumb/v7e-m\libc.a(lib_a-fini.o)
                              d:/eclipse/gcc/gnu tools arm embedded/6 2017-q1-update/bin/../lib/gcc/arm-none-eabi/6.3.1/../../../../arm-none-eabi/lib/thumb/v7e-m\libc.a(lib_a-__call_atexit.o) (__libc_fini_array)
d:/eclipse/gcc/gnu tools arm embedded/6 2017-q1-update/bin/../lib/gcc/arm-none-eabi/6.3.1/../../../../arm-none-eabi/lib/thumb/v7e-m\libc.a(lib_a-lock.o)
                              d:/eclipse/gcc/gnu tools arm embedded/6 2017-q1-update/bin/../lib/gcc/arm-none-eabi/6.3.1/../../../../arm-none-eabi/lib/thumb/v7e-m\libc.a(lib_a-__call_atexit.o) (__retarget_lock_acquire_recursive)
d:/eclipse/gcc/gnu tools arm embedded/6 2017-q1-update/bin/../lib/gcc/arm-none-eabi/6.3.1/../../../../arm-none-eabi/lib/thumb/v7e-m\libc.a(lib_a-__atexit.o)
                              d:/eclipse/gcc/gnu tools arm embedded/6 2017-q1-update/bin/../lib/gcc/arm-none-eabi/6.3.1/../../../../arm-none-eabi/lib/thumb/v7e-m\libc.a(lib_a-atexit.o) (__register_exitproc)
d:/eclipse/gcc/gnu tools arm embedded/6 2017-q1-update/bin/../lib/gcc/arm-none-eabi/6.3.1/../../../../arm-none-eabi/lib/thumb/v7e-m\librdimon.a(rdimon-syscalls.o)
                              d:/eclipse/gcc/gnu tools arm embedded/6 2017-q1-update/bin/../lib/gcc/arm-none-eabi/6.3.1/../../../../arm-none-eabi/lib/thumb/v7e-m/rdimon-crt0.o (initialise_monitor_handles)
d:/eclipse/gcc/gnu tools arm embedded/6 2017-q1-update/bin/../lib/gcc/arm-none-eabi/6.3.1/../../../../arm-none-eabi/lib/thumb/v7e-m\librdimon.a(rdimon-_exit.o)
                              d:/eclipse/gcc/gnu tools arm embedded/6 2017-q1-update/bin/../lib/gcc/arm-none-eabi/6.3.1/../../../../arm-none-eabi/lib/thumb/v7e-m\libc.a(lib_a-exit.o) (_exit)
d:/eclipse/gcc/gnu tools arm embedded/6 2017-q1-update/bin/../lib/gcc/arm-none-eabi/6.3.1/../../../../arm-none-eabi/lib/thumb/v7e-m\librdimon.a(rdimon-_kill.o)
                              d:/eclipse/gcc/gnu tools arm embedded/6 2017-q1-update/bin/../lib/gcc/arm-none-eabi/6.3.1/../../../../arm-none-eabi/lib/thumb/v7e-m\librdimon.a(rdimon-_exit.o) (_kill)
d:/eclipse/gcc/gnu tools arm embedded/6 2017-q1-update/bin/../lib/gcc/arm-none-eabi/6.3.1/../../../../arm-none-eabi/lib/thumb/v7e-m\libc.a(lib_a-errno.o)
                              d:/eclipse/gcc/gnu tools arm embedded/6 2017-q1-update/bin/../lib/gcc/arm-none-eabi/6.3.1/../../../../arm-none-eabi/lib/thumb/v7e-m\librdimon.a(rdimon-syscalls.o) (__errno)
d:/eclipse/gcc/gnu tools arm embedded/6 2017-q1-update/bin/../lib/gcc/arm-none-eabi/6.3.1/../../../../arm-none-eabi/lib/thumb/v7e-m\libc.a(lib_a-findfp.o)
[...]
Memory Configuration

Name             Origin             Length             Attributes
FLASH            0x08000000         0x00100000         xr
RAM              0x20000000         0x00020000         xrw
CCMRAM           0x10000000         0x00010000         xrw
*default*        0x00000000         0xffffffff

Linker script and memory map

LOAD d:/eclipse/gcc/gnu tools arm embedded/6 2017-q1-update/bin/../lib/gcc/arm-none-eabi/6.3.1/thumb/v7e-m/crti.o
LOAD d:/eclipse/gcc/gnu tools arm embedded/6 2017-q1-update/bin/../lib/gcc/arm-none-eabi/6.3.1/thumb/v7e-m/crtbegin.o
LOAD d:/eclipse/gcc/gnu tools arm embedded/6 2017-q1-update/bin/../lib/gcc/arm-none-eabi/6.3.1/../../../../arm-none-eabi/lib/thumb/v7e-m/rdimon-crt0.o
START GROUP
LOAD d:/eclipse/gcc/gnu tools arm embedded/6 2017-q1-update/bin/../lib/gcc/arm-none-eabi/6.3.1/thumb/v7e-m\libgcc.a
LOAD d:/eclipse/gcc/gnu tools arm embedded/6 2017-q1-update/bin/../lib/gcc/arm-none-eabi/6.3.1/../../../../arm-none-eabi/lib/thumb/v7e-m\libc.a
LOAD d:/eclipse/gcc/gnu tools arm embedded/6 2017-q1-update/bin/../lib/gcc/arm-none-eabi/6.3.1/../../../../arm-none-eabi/lib/thumb/v7e-m\libc.a
LOAD d:/eclipse/gcc/gnu tools arm embedded/6 2017-q1-update/bin/../lib/gcc/arm-none-eabi/6.3.1/../../../../arm-none-eabi/lib/thumb/v7e-m\libm.a
LOAD d:/eclipse/gcc/gnu tools arm embedded/6 2017-q1-update/bin/../lib/gcc/arm-none-eabi/6.3.1/../../../../arm-none-eabi/lib/thumb/v7e-m\librdimon.a
END GROUP
LOAD ./src/system/src/startup_stm32f407xx.o
LOAD ./src/system/src/system_stm32f4xx.o
LOAD ./src/STM32F4_FWLIB/src/misc.o
LOAD ./src/STM32F4_FWLIB/src/stm32f4xx_adc.o
LOAD ./src/STM32F4_FWLIB/src/stm32f4xx_can.o
LOAD ./src/STM32F4_FWLIB/src/stm32f4xx_crc.o
LOAD ./src/STM32F4_FWLIB/src/stm32f4xx_dac.o
LOAD ./src/STM32F4_FWLIB/src/stm32f4xx_dbgmcu.o
LOAD ./src/STM32F4_FWLIB/src/stm32f4xx_dcmi.o
LOAD ./src/STM32F4_FWLIB/src/stm32f4xx_dma.o
LOAD ./src/STM32F4_FWLIB/src/stm32f4xx_exti.o
LOAD ./src/STM32F4_FWLIB/src/stm32f4xx_gpio.o
LOAD ./src/STM32F4_FWLIB/src/stm32f4xx_hash.o
LOAD ./src/STM32F4_FWLIB/src/stm32f4xx_hash_md5.o
LOAD ./src/STM32F4_FWLIB/src/stm32f4xx_hash_sha1.o
LOAD ./src/STM32F4_FWLIB/src/stm32f4xx_i2c.o
LOAD ./src/STM32F4_FWLIB/src/stm32f4xx_iwdg.o
LOAD ./src/STM32F4_FWLIB/src/stm32f4xx_ltdc.o
LOAD ./src/STM32F4_FWLIB/src/stm32f4xx_pwr.o
LOAD ./src/STM32F4_FWLIB/src/stm32f4xx_rcc.o
LOAD ./src/STM32F4_FWLIB/src/stm32f4xx_rng.o
LOAD ./src/STM32F4_FWLIB/src/stm32f4xx_rtc.o
LOAD ./src/STM32F4_FWLIB/src/stm32f4xx_sai.o
LOAD ./src/STM32F4_FWLIB/src/stm32f4xx_sdio.o
LOAD ./src/STM32F4_FWLIB/src/stm32f4xx_spi.o
LOAD ./src/STM32F4_FWLIB/src/stm32f4xx_syscfg.o
LOAD ./src/STM32F4_FWLIB/src/stm32f4xx_tim.o
LOAD ./src/STM32F4_FWLIB/src/stm32f4xx_usart.o
LOAD ./src/STM32F4_FWLIB/src/stm32f4xx_wwdg.o
LOAD ./src/LED/led.o
LOAD ./src/Common/common.o
LOAD ./src/main.o
START GROUP
LOAD d:/eclipse/gcc/gnu tools arm embedded/6 2017-q1-update/bin/../lib/gcc/arm-none-eabi/6.3.1/thumb/v7e-m\libgcc.a
LOAD d:/eclipse/gcc/gnu tools arm embedded/6 2017-q1-update/bin/../lib/gcc/arm-none-eabi/6.3.1/../../../../arm-none-eabi/lib/thumb/v7e-m\libg.a
LOAD d:/eclipse/gcc/gnu tools arm embedded/6 2017-q1-update/bin/../lib/gcc/arm-none-eabi/6.3.1/../../../../arm-none-eabi/lib/thumb/v7e-m\libc.a
END GROUP
START GROUP
LOAD d:/eclipse/gcc/gnu tools arm embedded/6 2017-q1-update/bin/../lib/gcc/arm-none-eabi/6.3.1/thumb/v7e-m\libgcc.a
LOAD d:/eclipse/gcc/gnu tools arm embedded/6 2017-q1-update/bin/../lib/gcc/arm-none-eabi/6.3.1/../../../../arm-none-eabi/lib/thumb/v7e-m\libc.a
LOAD d:/eclipse/gcc/gnu tools arm embedded/6 2017-q1-update/bin/../lib/gcc/arm-none-eabi/6.3.1/../../../../arm-none-eabi/lib/thumb/v7e-m\librdimon.a
END GROUP
LOAD d:/eclipse/gcc/gnu tools arm embedded/6 2017-q1-update/bin/../lib/gcc/arm-none-eabi/6.3.1/thumb/v7e-m/crtend.o
LOAD d:/eclipse/gcc/gnu tools arm embedded/6 2017-q1-update/bin/../lib/gcc/arm-none-eabi/6.3.1/thumb/v7e-m/crtn.o
                0x20020000                _estack = 0x20020000
                0x00000000                _Min_Heap_Size = 0x0
                0x00000400                _Min_Stack_Size = 0x400
START GROUP
LOAD d:/eclipse/gcc/gnu tools arm embedded/6 2017-q1-update/bin/../lib/gcc/arm-none-eabi/6.3.1/thumb/v7e-m\libgcc.a
LOAD d:/eclipse/gcc/gnu tools arm embedded/6 2017-q1-update/bin/../lib/gcc/arm-none-eabi/6.3.1/../../../../arm-none-eabi/lib/thumb/v7e-m\libc.a
LOAD d:/eclipse/gcc/gnu tools arm embedded/6 2017-q1-update/bin/../lib/gcc/arm-none-eabi/6.3.1/../../../../arm-none-eabi/lib/thumb/v7e-m\libm.a
LOAD d:/eclipse/gcc/gnu tools arm embedded/6 2017-q1-update/bin/../lib/gcc/arm-none-eabi/6.3.1/../../../../arm-none-eabi/lib/thumb/v7e-m\libnosys.a
END GROUP

.isr_vector     0x08000000      0x188
                0x08000000                . = ALIGN (0x4)
 *(.isr_vector)
 .isr_vector    0x08000000      0x188 ./src/system/src/startup_stm32f407xx.o
                0x08000000                g_pfnVectors
                0x08000188                . = ALIGN (0x4)

.text           0x08000188      0x710
                0x08000188                . = ALIGN (0x4)
 *(.text)
 .text          0x08000188       0x6c d:/eclipse/gcc/gnu tools arm embedded/6 2017-q1-update/bin/../lib/gcc/arm-none-eabi/6.3.1/thumb/v7e-m/crtbegin.o
 *(.text*)
 .text.__libc_init_array
                0x080001f4       0x50 d:/eclipse/gcc/gnu tools arm embedded/6 2017-q1-update/bin/../lib/gcc/arm-none-eabi/6.3.1/../../../../arm-none-eabi/lib/thumb/v7e-m\libc.a(lib_a-init.o)
                0x080001f4                __libc_init_array
 .text.startup.register_fini
                0x08000244       0x14 d:/eclipse/gcc/gnu tools arm embedded/6 2017-q1-update/bin/../lib/gcc/arm-none-eabi/6.3.1/../../../../arm-none-eabi/lib/thumb/v7e-m\libc.a(lib_a-__call_atexit.o)
 .text.atexit   0x08000258        0xc d:/eclipse/gcc/gnu tools arm embedded/6 2017-q1-update/bin/../lib/gcc/arm-none-eabi/6.3.1/../../../../arm-none-eabi/lib/thumb/v7e-m\libc.a(lib_a-atexit.o)
                0x08000258                atexit
 .text.__libc_fini_array
                0x08000264       0x34 d:/eclipse/gcc/gnu tools arm embedded/6 2017-q1-update/bin/../lib/gcc/arm-none-eabi/6.3.1/../../../../arm-none-eabi/lib/thumb/v7e-m\libc.a(lib_a-fini.o)
                0x08000264                __libc_fini_array
 .text.__retarget_lock_acquire_recursive
                0x08000298        0x4 d:/eclipse/gcc/gnu tools arm embedded/6 2017-q1-update/bin/../lib/gcc/arm-none-eabi/6.3.1/../../../../arm-none-eabi/lib/thumb/v7e-m\libc.a(lib_a-lock.o)
                0x08000298                __retarget_lock_acquire_recursive
 .text.__retarget_lock_release_recursive
                0x0800029c        0x4 d:/eclipse/gcc/gnu tools arm embedded/6 2017-q1-update/bin/../lib/gcc/arm-none-eabi/6.3.1/../../../../arm-none-eabi/lib/thumb/v7e-m\libc.a(lib_a-lock.o)
                0x0800029c                __retarget_lock_release_recursive
 .text.__register_exitproc
                0x080002a0       0xc4 d:/eclipse/gcc/gnu tools arm embedded/6 2017-q1-update/bin/../lib/gcc/arm-none-eabi/6.3.1/../../../../arm-none-eabi/lib/thumb/v7e-m\libc.a(lib_a-__atexit.o)
                0x080002a0                __register_exitproc
 .text.Reset_Handler
                0x08000364       0x50 ./src/system/src/startup_stm32f407xx.o
                0x08000364                Reset_Handler
 .text.Default_Handler
                0x080003b4        0x2 ./src/system/src/startup_stm32f407xx.o
                0x080003b4                RTC_Alarm_IRQHandler
                0x080003b4                HASH_RNG_IRQHandler
                0x080003b4                EXTI2_IRQHandler
                0x080003b4                TIM8_CC_IRQHandler
                0x080003b4                DebugMon_Handler
                0x080003b4                TIM1_CC_IRQHandler
                0x080003b4                DMA2_Stream5_IRQHandler
                0x080003b4                HardFault_Handler
                0x080003b4                DMA1_Stream5_IRQHandler
                0x080003b4                SysTick_Handler
                0x080003b4                PVD_IRQHandler
                0x080003b4                SDIO_IRQHandler
                0x080003b4                TAMP_STAMP_IRQHandler
                0x080003b4                PendSV_Handler
                0x080003b4                NMI_Handler
                0x080003b4                CAN2_RX1_IRQHandler
                0x080003b4                EXTI3_IRQHandler
                0x080003b4                TIM8_TRG_COM_TIM14_IRQHandler
                0x080003b4                TIM1_UP_TIM10_IRQHandler
                0x080003b4                TIM8_UP_TIM13_IRQHandler
                0x080003b4                I2C3_ER_IRQHandler
                0x080003b4                EXTI0_IRQHandler
                0x080003b4                I2C2_EV_IRQHandler
                0x080003b4                DMA1_Stream2_IRQHandler
                0x080003b4                CAN1_RX0_IRQHandler
                0x080003b4                FPU_IRQHandler
                0x080003b4                OTG_HS_WKUP_IRQHandler
                0x080003b4                UsageFault_Handler
                0x080003b4                CAN2_SCE_IRQHandler
                0x080003b4                DMA2_Stream2_IRQHandler
                0x080003b4                SPI1_IRQHandler
                0x080003b4                TIM6_DAC_IRQHandler
                0x080003b4                TIM1_BRK_TIM9_IRQHandler
                0x080003b4                DCMI_IRQHandler
                0x080003b4                CAN2_RX0_IRQHandler
                0x080003b4                DMA2_Stream3_IRQHandler
                0x080003b4                USART6_IRQHandler
                0x080003b4                USART3_IRQHandler
                0x080003b4                CAN1_RX1_IRQHandler
                0x080003b4                UART5_IRQHandler
                0x080003b4                DMA2_Stream0_IRQHandler
                0x080003b4                TIM4_IRQHandler
                0x080003b4                I2C1_EV_IRQHandler
                0x080003b4                DMA1_Stream6_IRQHandler
                0x080003b4                DMA1_Stream1_IRQHandler
                0x080003b4                UART4_IRQHandler
                0x080003b4                TIM3_IRQHandler
                0x080003b4                RCC_IRQHandler
                0x080003b4                TIM8_BRK_TIM12_IRQHandler
                0x080003b4                Default_Handler
                0x080003b4                EXTI15_10_IRQHandler
                0x080003b4                ADC_IRQHandler
                0x080003b4                DMA1_Stream7_IRQHandler
                0x080003b4                TIM7_IRQHandler
                0x080003b4                CAN2_TX_IRQHandler
                0x080003b4                TIM5_IRQHandler
                0x080003b4                DMA2_Stream7_IRQHandler
                0x080003b4                I2C3_EV_IRQHandler
                0x080003b4                EXTI9_5_IRQHandler
                0x080003b4                RTC_WKUP_IRQHandler
                0x080003b4                ETH_WKUP_IRQHandler
                0x080003b4                SPI2_IRQHandler
                0x080003b4                OTG_HS_EP1_IN_IRQHandler
                0x080003b4                MemManage_Handler
                0x080003b4                DMA1_Stream0_IRQHandler
                0x080003b4                CAN1_TX_IRQHandler
                0x080003b4                SVC_Handler
                0x080003b4                EXTI4_IRQHandler
                0x080003b4                FSMC_IRQHandler
                0x080003b4                ETH_IRQHandler
                0x080003b4                OTG_HS_EP1_OUT_IRQHandler
                0x080003b4                WWDG_IRQHandler
                0x080003b4                TIM2_IRQHandler
                0x080003b4                OTG_FS_WKUP_IRQHandler
                0x080003b4                TIM1_TRG_COM_TIM11_IRQHandler
                0x080003b4                OTG_HS_IRQHandler
                0x080003b4                EXTI1_IRQHandler
                0x080003b4                USART2_IRQHandler
                0x080003b4                I2C2_ER_IRQHandler
                0x080003b4                DMA2_Stream1_IRQHandler
                0x080003b4                CAN1_SCE_IRQHandler
                0x080003b4                FLASH_IRQHandler
                0x080003b4                DMA2_Stream4_IRQHandler
                0x080003b4                BusFault_Handler
                0x080003b4                USART1_IRQHandler
                0x080003b4                OTG_FS_IRQHandler
                0x080003b4                SPI3_IRQHandler
                0x080003b4                DMA1_Stream4_IRQHandler
                0x080003b4                I2C1_ER_IRQHandler
                0x080003b4                DMA2_Stream6_IRQHandler
                0x080003b4                DMA1_Stream3_IRQHandler
 *fill*         0x080003b6        0x2 
 .text.SystemInit
                0x080003b8       0x5c ./src/system/src/system_stm32f4xx.o
                0x080003b8                SystemInit
 .text.SetSysClock
                0x08000414       0xf4 ./src/system/src/system_stm32f4xx.o
 .text.SysTick_CLKSourceConfig
                0x08000508       0x38 ./src/STM32F4_FWLIB/src/misc.o
                0x08000508                SysTick_CLKSourceConfig
 .text.GPIO_Init
                0x08000540      0x11a ./src/STM32F4_FWLIB/src/stm32f4xx_gpio.o
                0x08000540                GPIO_Init
 .text.GPIO_SetBits
                0x0800065a       0x1c ./src/STM32F4_FWLIB/src/stm32f4xx_gpio.o
                0x0800065a                GPIO_SetBits
 *fill*         0x08000676        0x2 
 .text.RCC_AHB1PeriphClockCmd
                0x08000678       0x3c ./src/STM32F4_FWLIB/src/stm32f4xx_rcc.o
                0x08000678                RCC_AHB1PeriphClockCmd
 .text.LED_Init
                0x080006b4       0x60 ./src/LED/led.o
                0x080006b4                LED_Init
 .text.delay_init
                0x08000714       0x38 ./src/Common/common.o
                0x08000714                delay_init
 .text.delay_xms
                0x0800074c       0x68 ./src/Common/common.o
                0x0800074c                delay_xms
 .text.delay_ms
                0x080007b4       0x60 ./src/Common/common.o
                0x080007b4                delay_ms
 .text.main     0x08000814       0x68 ./src/main.o
                0x08000814                main
 *(.rodata)
 *(.rodata*)
 .rodata._global_impure_ptr
                0x0800087c        0x4 d:/eclipse/gcc/gnu tools arm embedded/6 2017-q1-update/bin/../lib/gcc/arm-none-eabi/6.3.1/../../../../arm-none-eabi/lib/thumb/v7e-m\libc.a(lib_a-impure.o)
                0x0800087c                _global_impure_ptr
 *(.glue_7)
 .glue_7        0x08000880        0x0 linker stubs
 *(.glue_7t)
 .glue_7t       0x08000880        0x0 linker stubs
 *(.eh_frame)
 .eh_frame      0x08000880        0x0 d:/eclipse/gcc/gnu tools arm embedded/6 2017-q1-update/bin/../lib/gcc/arm-none-eabi/6.3.1/thumb/v7e-m/crtbegin.o
 *(.init)
 .init          0x08000880        0x4 d:/eclipse/gcc/gnu tools arm embedded/6 2017-q1-update/bin/../lib/gcc/arm-none-eabi/6.3.1/thumb/v7e-m/crti.o
                0x08000880                _init
 .init          0x08000884        0x8 d:/eclipse/gcc/gnu tools arm embedded/6 2017-q1-update/bin/../lib/gcc/arm-none-eabi/6.3.1/thumb/v7e-m/crtn.o
 *(.fini)
 .fini          0x0800088c        0x4 d:/eclipse/gcc/gnu tools arm embedded/6 2017-q1-update/bin/../lib/gcc/arm-none-eabi/6.3.1/thumb/v7e-m/crti.o
                0x0800088c                _fini
 .fini          0x08000890        0x8 d:/eclipse/gcc/gnu tools arm embedded/6 2017-q1-update/bin/../lib/gcc/arm-none-eabi/6.3.1/thumb/v7e-m/crtn.o
                0x08000898                . = ALIGN (0x4)
                0x08000898                _etext = .

.vfp11_veneer   0x08000898        0x0
 .vfp11_veneer  0x08000898        0x0 linker stubs

.v4_bx          0x08000898        0x0
 .v4_bx         0x08000898        0x0 linker stubs

.iplt           0x08000898        0x0
 .iplt          0x08000898        0x0 d:/eclipse/gcc/gnu tools arm embedded/6 2017-q1-update/bin/../lib/gcc/arm-none-eabi/6.3.1/thumb/v7e-m/crtbegin.o

.rel.dyn        0x08000898        0x0
 .rel.iplt      0x08000898        0x0 d:/eclipse/gcc/gnu tools arm embedded/6 2017-q1-update/bin/../lib/gcc/arm-none-eabi/6.3.1/thumb/v7e-m/crtbegin.o

.ARM.extab
 *(.ARM.extab* .gnu.linkonce.armextab.*)

.ARM            0x08000898        0x0
                0x08000898                __exidx_start = .
 *(.ARM.exidx*)
                0x08000898                __exidx_end = .

.preinit_array  0x08000898        0x0
                0x08000898                PROVIDE (__preinit_array_start, .)
 *(.preinit_array*)
                0x08000898                PROVIDE (__preinit_array_end, .)

.init_array     0x08000898        0x8
                0x08000898                PROVIDE (__init_array_start, .)
 *(SORT(.init_array.*))
 .init_array.00000
                0x08000898        0x4 d:/eclipse/gcc/gnu tools arm embedded/6 2017-q1-update/bin/../lib/gcc/arm-none-eabi/6.3.1/../../../../arm-none-eabi/lib/thumb/v7e-m\libc.a(lib_a-__call_atexit.o)
 *(.init_array*)
 .init_array    0x0800089c        0x4 d:/eclipse/gcc/gnu tools arm embedded/6 2017-q1-update/bin/../lib/gcc/arm-none-eabi/6.3.1/thumb/v7e-m/crtbegin.o
                0x080008a0                PROVIDE (__init_array_end, .)

.fini_array     0x080008a0        0x4
                0x080008a0                PROVIDE (__fini_array_start, .)
 *(.fini_array*)
 .fini_array    0x080008a0        0x4 d:/eclipse/gcc/gnu tools arm embedded/6 2017-q1-update/bin/../lib/gcc/arm-none-eabi/6.3.1/thumb/v7e-m/crtbegin.o
 *(SORT(.fini_array.*))
                0x080008a4                PROVIDE (__fini_array_end, .)
                0x080008a4                _sidata = .

.data           0x20000000      0x42c load address 0x080008a4
                0x20000000                . = ALIGN (0x4)
                0x20000000                _sdata = .
 *(.data)
 *(.data*)
 .data.impure_data
                0x20000000      0x428 d:/eclipse/gcc/gnu tools arm embedded/6 2017-q1-update/bin/../lib/gcc/arm-none-eabi/6.3.1/../../../../arm-none-eabi/lib/thumb/v7e-m\libc.a(lib_a-impure.o)
 .data.__atexit_recursive_mutex
                0x20000428        0x4 d:/eclipse/gcc/gnu tools arm embedded/6 2017-q1-update/bin/../lib/gcc/arm-none-eabi/6.3.1/../../../../arm-none-eabi/lib/thumb/v7e-m\libc.a(lib_a-__call_atexit.o)
                0x20000428                __atexit_recursive_mutex
                0x2000042c                . = ALIGN (0x4)
                0x2000042c                _edata = .

.jcr            0x2000042c        0x0 load address 0x08000cd0
 .jcr           0x2000042c        0x0 d:/eclipse/gcc/gnu tools arm embedded/6 2017-q1-update/bin/../lib/gcc/arm-none-eabi/6.3.1/thumb/v7e-m/crtbegin.o

.igot.plt       0x2000042c        0x0 load address 0x08000cd0
 .igot.plt      0x2000042c        0x0 d:/eclipse/gcc/gnu tools arm embedded/6 2017-q1-update/bin/../lib/gcc/arm-none-eabi/6.3.1/thumb/v7e-m/crtbegin.o
                0x2000042c                . = ALIGN (0x4)

.bss            0x2000042c       0x44 load address 0x08000cd0
                0x2000042c                _sbss = .
                0x2000042c                __bss_start__ = _sbss
 *(.bss)
 .bss           0x2000042c       0x1c d:/eclipse/gcc/gnu tools arm embedded/6 2017-q1-update/bin/../lib/gcc/arm-none-eabi/6.3.1/thumb/v7e-m/crtbegin.o
 *(.bss*)
 .bss.fac_us    0x20000448        0x1 ./src/Common/common.o
 *fill*         0x20000449        0x1 
 .bss.fac_ms    0x2000044a        0x2 ./src/Common/common.o
 *(COMMON)
 COMMON         0x2000044c       0x21 d:/eclipse/gcc/gnu tools arm embedded/6 2017-q1-update/bin/../lib/gcc/arm-none-eabi/6.3.1/../../../../arm-none-eabi/lib/thumb/v7e-m\libc.a(lib_a-lock.o)
                0x2000044c                __lock___atexit_recursive_mutex
                0x20000450                __lock___arc4random_mutex
                0x20000454                __lock___env_recursive_mutex
                0x20000458                __lock___sinit_recursive_mutex
                0x2000045c                __lock___malloc_recursive_mutex
                0x20000460                __lock___at_quick_exit_mutex
                0x20000464                __lock___dd_hash_mutex
                0x20000468                __lock___tz_mutex
                0x2000046c                __lock___sfp_recursive_mutex
                0x20000470                . = ALIGN (0x4)
 *fill*         0x2000046d        0x3 
                0x20000470                _ebss = .
                0x20000470                __bss_end__ = _ebss

._user_heap_stack
                0x20000470      0x400 load address 0x08000d14
                0x20000470                . = ALIGN (0x4)
                0x20000470                PROVIDE (end, .)
                [!provide]                PROVIDE (_end, .)
                0x20000470                . = (. + _Min_Heap_Size)
                0x20000870                . = (. + _Min_Stack_Size)
 *fill*         0x20000470      0x400 
                0x20000870                . = ALIGN (0x4)

/DISCARD/
 libc.a(*)
 libm.a(*)
 libgcc.a(*)

.ARM.attributes
                0x00000000       0x2a
 *(.ARM.attributes)
 .ARM.attributes
                0x00000000       0x1e d:/eclipse/gcc/gnu tools arm embedded/6 2017-q1-update/bin/../lib/gcc/arm-none-eabi/6.3.1/thumb/v7e-m/crti.o
 .ARM.attributes
                0x0000001e       0x2e d:/eclipse/gcc/gnu tools arm embedded/6 2017-q1-update/bin/../lib/gcc/arm-none-eabi/6.3.1/thumb/v7e-m/crtbegin.o
 .ARM.attributes
                0x0000004c       0x2e d:/eclipse/gcc/gnu tools arm embedded/6 2017-q1-update/bin/../lib/gcc/arm-none-eabi/6.3.1/../../../../arm-none-eabi/lib/thumb/v7e-m\libc.a(lib_a-impure.o)
 .ARM.attributes
                0x0000007a       0x2e d:/eclipse/gcc/gnu tools arm embedded/6 2017-q1-update/bin/../lib/gcc/arm-none-eabi/6.3.1/../../../../arm-none-eabi/lib/thumb/v7e-m\libc.a(lib_a-init.o)
 .ARM.attributes
                0x000000a8       0x2e d:/eclipse/gcc/gnu tools arm embedded/6 2017-q1-update/bin/../lib/gcc/arm-none-eabi/6.3.1/../../../../arm-none-eabi/lib/thumb/v7e-m\libc.a(lib_a-__call_atexit.o)
 .ARM.attributes
                0x000000d6       0x2e d:/eclipse/gcc/gnu tools arm embedded/6 2017-q1-update/bin/../lib/gcc/arm-none-eabi/6.3.1/../../../../arm-none-eabi/lib/thumb/v7e-m\libc.a(lib_a-atexit.o)
 .ARM.attributes
                0x00000104       0x2e d:/eclipse/gcc/gnu tools arm embedded/6 2017-q1-update/bin/../lib/gcc/arm-none-eabi/6.3.1/../../../../arm-none-eabi/lib/thumb/v7e-m\libc.a(lib_a-fini.o)
 .ARM.attributes
                0x00000132       0x2e d:/eclipse/gcc/gnu tools arm embedded/6 2017-q1-update/bin/../lib/gcc/arm-none-eabi/6.3.1/../../../../arm-none-eabi/lib/thumb/v7e-m\libc.a(lib_a-lock.o)
 .ARM.attributes
                0x00000160       0x2e d:/eclipse/gcc/gnu tools arm embedded/6 2017-q1-update/bin/../lib/gcc/arm-none-eabi/6.3.1/../../../../arm-none-eabi/lib/thumb/v7e-m\libc.a(lib_a-__atexit.o)
 .ARM.attributes
                0x0000018e       0x21 ./src/system/src/startup_stm32f407xx.o
 .ARM.attributes
                0x000001af       0x33 ./src/system/src/system_stm32f4xx.o
 .ARM.attributes
                0x000001e2       0x33 ./src/STM32F4_FWLIB/src/misc.o
 .ARM.attributes
                0x00000215       0x33 ./src/STM32F4_FWLIB/src/stm32f4xx_gpio.o
 .ARM.attributes
                0x00000248       0x33 ./src/STM32F4_FWLIB/src/stm32f4xx_rcc.o
 .ARM.attributes
                0x0000027b       0x33 ./src/LED/led.o
 .ARM.attributes
                0x000002ae       0x33 ./src/Common/common.o
 .ARM.attributes
                0x000002e1       0x33 ./src/main.o
 .ARM.attributes
                0x00000314       0x1e d:/eclipse/gcc/gnu tools arm embedded/6 2017-q1-update/bin/../lib/gcc/arm-none-eabi/6.3.1/thumb/v7e-m/crtn.o
OUTPUT(407test1.elf elf32-littlearm)

.debug_frame    0x00000000      0xefc
 .debug_frame   0x00000000       0x2c d:/eclipse/gcc/gnu tools arm embedded/6 2017-q1-update/bin/../lib/gcc/arm-none-eabi/6.3.1/../../../../arm-none-eabi/lib/thumb/v7e-m\libc.a(lib_a-init.o)
 .debug_frame   0x0000002c       0x5c d:/eclipse/gcc/gnu tools arm embedded/6 2017-q1-update/bin/../lib/gcc/arm-none-eabi/6.3.1/../../../../arm-none-eabi/lib/thumb/v7e-m\libc.a(lib_a-__call_atexit.o)
 .debug_frame   0x00000088       0x20 d:/eclipse/gcc/gnu tools arm embedded/6 2017-q1-update/bin/../lib/gcc/arm-none-eabi/6.3.1/../../../../arm-none-eabi/lib/thumb/v7e-m\libc.a(lib_a-atexit.o)
 .debug_frame   0x000000a8       0x34 d:/eclipse/gcc/gnu tools arm embedded/6 2017-q1-update/bin/../lib/gcc/arm-none-eabi/6.3.1/../../../../arm-none-eabi/lib/thumb/v7e-m\libc.a(lib_a-fini.o)
 .debug_frame   0x000000dc       0xb0 d:/eclipse/gcc/gnu tools arm embedded/6 2017-q1-update/bin/../lib/gcc/arm-none-eabi/6.3.1/../../../../arm-none-eabi/lib/thumb/v7e-m\libc.a(lib_a-lock.o)
 .debug_frame   0x0000018c       0x34 d:/eclipse/gcc/gnu tools arm embedded/6 2017-q1-update/bin/../lib/gcc/arm-none-eabi/6.3.1/../../../../arm-none-eabi/lib/thumb/v7e-m\libc.a(lib_a-__atexit.o)
 .debug_frame   0x000001c0       0x7c ./src/system/src/system_stm32f4xx.o
 .debug_frame   0x0000023c       0xd8 ./src/STM32F4_FWLIB/src/misc.o
 .debug_frame   0x00000314      0x23c ./src/STM32F4_FWLIB/src/stm32f4xx_gpio.o
 .debug_frame   0x00000550      0x83c ./src/STM32F4_FWLIB/src/stm32f4xx_rcc.o
 .debug_frame   0x00000d8c       0x34 ./src/LED/led.o
 .debug_frame   0x00000dc0       0xf0 ./src/Common/common.o
 .debug_frame   0x00000eb0       0x4c ./src/main.o

.debug_line     0x00000000     0x2d13
 .debug_line    0x00000000       0x86 ./src/system/src/startup_stm32f407xx.o
 .debug_line    0x00000086      0x5a2 ./src/system/src/system_stm32f4xx.o
 .debug_line    0x00000628      0x57f ./src/STM32F4_FWLIB/src/misc.o
 .debug_line    0x00000ba7      0x6a7 ./src/STM32F4_FWLIB/src/stm32f4xx_gpio.o
 .debug_line    0x0000124e      0x999 ./src/STM32F4_FWLIB/src/stm32f4xx_rcc.o
 .debug_line    0x00001be7      0x558 ./src/LED/led.o
 .debug_line    0x0000213f      0x5fb ./src/Common/common.o
 .debug_line    0x0000273a      0x5d9 ./src/main.o

.debug_info     0x00000000     0x2908
 .debug_info    0x00000000       0x71 ./src/system/src/startup_stm32f407xx.o
 .debug_info    0x00000071      0x5fe ./src/system/src/system_stm32f4xx.o
 .debug_info    0x0000066f      0x551 ./src/STM32F4_FWLIB/src/misc.o
 .debug_info    0x00000bc0      0x62c ./src/STM32F4_FWLIB/src/stm32f4xx_gpio.o
 .debug_info    0x000011ec      0xe51 ./src/STM32F4_FWLIB/src/stm32f4xx_rcc.o
 .debug_info    0x0000203d      0x2c4 ./src/LED/led.o
 .debug_info    0x00002301      0x4ac ./src/Common/common.o
 .debug_info    0x000027ad      0x15b ./src/main.o

.debug_abbrev   0x00000000      0x9dc
 .debug_abbrev  0x00000000       0x12 ./src/system/src/startup_stm32f407xx.o
 .debug_abbrev  0x00000012      0x15b ./src/system/src/system_stm32f4xx.o
 .debug_abbrev  0x0000016d      0x175 ./src/STM32F4_FWLIB/src/misc.o
 .debug_abbrev  0x000002e2      0x1bb ./src/STM32F4_FWLIB/src/stm32f4xx_gpio.o
 .debug_abbrev  0x0000049d      0x1d2 ./src/STM32F4_FWLIB/src/stm32f4xx_rcc.o
 .debug_abbrev  0x0000066f      0x117 ./src/LED/led.o
 .debug_abbrev  0x00000786      0x174 ./src/Common/common.o
 .debug_abbrev  0x000008fa       0xe2 ./src/main.o

.debug_aranges  0x00000000      0x370
 .debug_aranges
                0x00000000       0x28 ./src/system/src/startup_stm32f407xx.o
 .debug_aranges
                0x00000028       0x30 ./src/system/src/system_stm32f4xx.o
 .debug_aranges
                0x00000058       0x40 ./src/STM32F4_FWLIB/src/misc.o
 .debug_aranges
                0x00000098       0x88 ./src/STM32F4_FWLIB/src/stm32f4xx_gpio.o
 .debug_aranges
                0x00000120      0x1c0 ./src/STM32F4_FWLIB/src/stm32f4xx_rcc.o
 .debug_aranges
                0x000002e0       0x20 ./src/LED/led.o
 .debug_aranges
                0x00000300       0x48 ./src/Common/common.o
 .debug_aranges
                0x00000348       0x28 ./src/main.o

.debug_ranges   0x00000000      0x2f8
 .debug_ranges  0x00000000       0x20 ./src/system/src/startup_stm32f407xx.o
 .debug_ranges  0x00000020       0x20 ./src/system/src/system_stm32f4xx.o
 .debug_ranges  0x00000040       0x30 ./src/STM32F4_FWLIB/src/misc.o
 .debug_ranges  0x00000070       0x78 ./src/STM32F4_FWLIB/src/stm32f4xx_gpio.o
 .debug_ranges  0x000000e8      0x1b0 ./src/STM32F4_FWLIB/src/stm32f4xx_rcc.o
 .debug_ranges  0x00000298       0x10 ./src/LED/led.o
 .debug_ranges  0x000002a8       0x38 ./src/Common/common.o
 .debug_ranges  0x000002e0       0x18 ./src/main.o

.debug_macro    0x00000000     0xfedb
 .debug_macro   0x00000000      0x1ea ./src/system/src/system_stm32f4xx.o
 .debug_macro   0x000001ea      0x8a4 ./src/system/src/system_stm32f4xx.o
 .debug_macro   0x00000a8e       0x64 ./src/system/src/system_stm32f4xx.o
 .debug_macro   0x00000af2       0x22 ./src/system/src/system_stm32f4xx.o
 .debug_macro   0x00000b14       0x87 ./src/system/src/system_stm32f4xx.o
 .debug_macro   0x00000b9b       0x51 ./src/system/src/system_stm32f4xx.o
 .debug_macro   0x00000bec       0xef ./src/system/src/system_stm32f4xx.o
 .debug_macro   0x00000cdb       0x6a ./src/system/src/system_stm32f4xx.o
 .debug_macro   0x00000d45      0x1df ./src/system/src/system_stm32f4xx.o
 .debug_macro   0x00000f24       0x35 ./src/system/src/system_stm32f4xx.o
 .debug_macro   0x00000f59       0x50 ./src/system/src/system_stm32f4xx.o
 .debug_macro   0x00000fa9      0xe66 ./src/system/src/system_stm32f4xx.o
 .debug_macro   0x00001e0f     0x8c04 ./src/system/src/system_stm32f4xx.o
 .debug_macro   0x0000aa13      0x44f ./src/system/src/system_stm32f4xx.o
 .debug_macro   0x0000ae62       0xb2 ./src/system/src/system_stm32f4xx.o
 .debug_macro   0x0000af14      0x477 ./src/system/src/system_stm32f4xx.o
 .debug_macro   0x0000b38b       0xae ./src/system/src/system_stm32f4xx.o
 .debug_macro   0x0000b439      0x41c ./src/system/src/system_stm32f4xx.o
 .debug_macro   0x0000b855      0x2e6 ./src/system/src/system_stm32f4xx.o
 .debug_macro   0x0000bb3b      0x2bb ./src/system/src/system_stm32f4xx.o
 .debug_macro   0x0000bdf6       0x64 ./src/system/src/system_stm32f4xx.o
 .debug_macro   0x0000be5a       0xe7 ./src/system/src/system_stm32f4xx.o
 .debug_macro   0x0000bf41      0x64a ./src/system/src/system_stm32f4xx.o
 .debug_macro   0x0000c58b      0x57b ./src/system/src/system_stm32f4xx.o
 .debug_macro   0x0000cb06      0x342 ./src/system/src/system_stm32f4xx.o
 .debug_macro   0x0000ce48      0x36c ./src/system/src/system_stm32f4xx.o
 .debug_macro   0x0000d1b4       0xf7 ./src/system/src/system_stm32f4xx.o
 .debug_macro   0x0000d2ab      0x73b ./src/system/src/system_stm32f4xx.o
 .debug_macro   0x0000d9e6      0x223 ./src/system/src/system_stm32f4xx.o
 .debug_macro   0x0000dc09       0x34 ./src/system/src/system_stm32f4xx.o
 .debug_macro   0x0000dc3d       0x82 ./src/system/src/system_stm32f4xx.o
 .debug_macro   0x0000dcbf      0x144 ./src/system/src/system_stm32f4xx.o
 .debug_macro   0x0000de03       0xc3 ./src/system/src/system_stm32f4xx.o
 .debug_macro   0x0000dec6       0x40 ./src/system/src/system_stm32f4xx.o
 .debug_macro   0x0000df06      0x3cf ./src/system/src/system_stm32f4xx.o
 .debug_macro   0x0000e2d5      0x188 ./src/system/src/system_stm32f4xx.o
 .debug_macro   0x0000e45d      0x149 ./src/system/src/system_stm32f4xx.o
 .debug_macro   0x0000e5a6      0x279 ./src/system/src/system_stm32f4xx.o
 .debug_macro   0x0000e81f       0x35 ./src/system/src/system_stm32f4xx.o
 .debug_macro   0x0000e854      0x1d6 ./src/STM32F4_FWLIB/src/misc.o
 .debug_macro   0x0000ea2a       0x7c ./src/STM32F4_FWLIB/src/misc.o
 .debug_macro   0x0000eaa6      0x1d0 ./src/STM32F4_FWLIB/src/stm32f4xx_gpio.o
 .debug_macro   0x0000ec76      0x2e0 ./src/STM32F4_FWLIB/src/stm32f4xx_gpio.o
 .debug_macro   0x0000ef56      0x29a ./src/STM32F4_FWLIB/src/stm32f4xx_rcc.o
 .debug_macro   0x0000f1f0      0x644 ./src/STM32F4_FWLIB/src/stm32f4xx_rcc.o
 .debug_macro   0x0000f834      0x1e4 ./src/LED/led.o
 .debug_macro   0x0000fa18       0xf4 ./src/LED/led.o
 .debug_macro   0x0000fb0c       0x16 ./src/LED/led.o
 .debug_macro   0x0000fb22      0x1d5 ./src/Common/common.o
 .debug_macro   0x0000fcf7      0x1e4 ./src/main.o

.debug_str      0x00000000    0x5efe8
 .debug_str     0x00000000    0x5d7a9 ./src/system/src/system_stm32f4xx.o
                              0x5d96d (size before relaxing)
 .debug_str     0x0005d7a9      0x204 ./src/STM32F4_FWLIB/src/misc.o
                              0x5d97b (size before relaxing)
 .debug_str     0x0005d9ad      0x2c1 ./src/STM32F4_FWLIB/src/stm32f4xx_gpio.o
                              0x5da23 (size before relaxing)
 .debug_str     0x0005dc6e      0xc5b ./src/STM32F4_FWLIB/src/stm32f4xx_rcc.o
                              0x5e4f6 (size before relaxing)
 .debug_str     0x0005e8c9      0x5e3 ./src/LED/led.o
                              0x5de67 (size before relaxing)
 .debug_str     0x0005eeac      0x114 ./src/Common/common.o
                              0x5ddfe (size before relaxing)
 .debug_str     0x0005efc0       0x28 ./src/main.o
                              0x5dcd9 (size before relaxing)

.comment        0x00000000       0x7f
 .comment       0x00000000       0x7f ./src/system/src/system_stm32f4xx.o
                                 0x80 (size before relaxing)
 .comment       0x0000007f       0x80 ./src/STM32F4_FWLIB/src/misc.o
 .comment       0x0000007f       0x80 ./src/STM32F4_FWLIB/src/stm32f4xx_gpio.o
 .comment       0x0000007f       0x80 ./src/STM32F4_FWLIB/src/stm32f4xx_rcc.o
 .comment       0x0000007f       0x80 ./src/LED/led.o
 .comment       0x0000007f       0x80 ./src/Common/common.o
 .comment       0x0000007f       0x80 ./src/main.o
